../Core/Src/LCD.c:18:6:__LCD_Delay	16	static
../Core/Src/LCD.c:30:6:__LCD_Write4Bits	16	static
../Core/Src/LCD.c:49:6:__LCD_Send	16	static
../Core/Src/LCD.c:62:6:__LCD_Cmd	16	static
../Core/Src/LCD.c:73:6:__LCD_Data	16	static
../Core/Src/LCD.c:84:6:LCD_Write	16	static
../Core/Src/LCD.c:99:6:LCD_Write_Char	16	static
../Core/Src/LCD.c:112:6:LCD_Pos_Cursor	16	static
../Core/Src/LCD.c:135:6:LCD_Clear	8	static
../Core/Src/LCD.c:146:6:LCD_Scroll_Display_Right	8	static
../Core/Src/LCD.c:157:6:LCD_Scroll_Display_Left	8	static
../Core/Src/LCD.c:169:6:LCD_Init	16	static
