../Core/Src/main.c:169:5:main	16	static
../Core/Src/main.c:282:6:SystemClock_Config	120	static
../Core/Src/main.c:344:6:PeriphCommonClock_Config	200	static
../Core/Src/main.c:371:13:MX_ADC1_Init	48	static
../Core/Src/main.c:439:13:MX_ADC2_Init	40	static
../Core/Src/main.c:498:13:MX_ADC3_Init	40	static
../Core/Src/main.c:556:13:MX_ETH_Init	8	static
../Core/Src/main.c:605:13:MX_FDCAN1_Init	8	static
../Core/Src/main.c:658:13:MX_FDCAN2_Init	8	static
../Core/Src/main.c:711:13:MX_LTDC_Init	112	static
../Core/Src/main.c:793:13:MX_RTC_Init	32	static
../Core/Src/main.c:857:13:MX_SAI2_Init	8	static
../Core/Src/main.c:938:13:MX_SPI2_Init	8	static
../Core/Src/main.c:986:13:MX_TIM3_Init	40	static
../Core/Src/main.c:1032:13:MX_USART3_UART_Init	8	static
../Core/Src/main.c:1080:13:MX_USB_OTG_FS_PCD_Init	8	static
../Core/Src/main.c:1112:13:MX_FMC_Init	40	static
../Core/Src/main.c:1163:13:MX_GPIO_Init	72	static
../Core/Src/main.c:1332:6:HAL_UART_RxCpltCallback	16	static
../Core/Src/main.c:1340:6:printWelcomeText	24	static
../Core/Src/main.c:1351:6:receiveValue	16	static
../Core/Src/main.c:1360:6:typeToLCD	8	static
../Core/Src/main.c:1368:6:moveTextLCD	24	static
../Core/Src/main.c:1396:6:displayClock	32	static
../Core/Src/main.c:1436:6:Error_Handler	4	static,ignoring_inline_asm
