../Core/Src/main.c:166:5:main	16	static
../Core/Src/main.c:271:6:SystemClock_Config	120	static
../Core/Src/main.c:333:6:PeriphCommonClock_Config	200	static
../Core/Src/main.c:360:13:MX_ADC1_Init	48	static
../Core/Src/main.c:428:13:MX_ADC2_Init	40	static
../Core/Src/main.c:487:13:MX_ADC3_Init	40	static
../Core/Src/main.c:545:13:MX_ETH_Init	8	static
../Core/Src/main.c:594:13:MX_FDCAN1_Init	8	static
../Core/Src/main.c:647:13:MX_FDCAN2_Init	8	static
../Core/Src/main.c:700:13:MX_LTDC_Init	112	static
../Core/Src/main.c:782:13:MX_RTC_Init	32	static
../Core/Src/main.c:846:13:MX_SAI2_Init	8	static
../Core/Src/main.c:927:13:MX_SPI2_Init	8	static
../Core/Src/main.c:975:13:MX_TIM3_Init	40	static
../Core/Src/main.c:1021:13:MX_USART3_UART_Init	8	static
../Core/Src/main.c:1069:13:MX_USB_OTG_FS_PCD_Init	8	static
../Core/Src/main.c:1101:13:MX_FMC_Init	40	static
../Core/Src/main.c:1152:13:MX_GPIO_Init	72	static
../Core/Src/main.c:1322:6:HAL_UART_RxCpltCallback	16	static
../Core/Src/main.c:1330:6:printWelcomeText	24	static
../Core/Src/main.c:1341:6:receiveValue	16	static
../Core/Src/main.c:1351:6:moveTextLCD	24	static
../Core/Src/main.c:1377:6:displayClock	32	static
../Core/Src/main.c:1404:6:Error_Handler	4	static,ignoring_inline_asm
