../Core/Src/main.c:126:5:main	16	static
../Core/Src/main.c:220:6:SystemClock_Config	120	static
../Core/Src/main.c:282:6:PeriphCommonClock_Config	200	static
../Core/Src/main.c:309:13:MX_ADC1_Init	48	static
../Core/Src/main.c:377:13:MX_ADC2_Init	40	static
../Core/Src/main.c:436:13:MX_ADC3_Init	40	static
../Core/Src/main.c:494:13:MX_ETH_Init	8	static
../Core/Src/main.c:543:13:MX_FDCAN1_Init	8	static
../Core/Src/main.c:596:13:MX_FDCAN2_Init	8	static
../Core/Src/main.c:649:13:MX_LTDC_Init	112	static
../Core/Src/main.c:731:13:MX_RTC_Init	8	static
../Core/Src/main.c:767:13:MX_SAI2_Init	8	static
../Core/Src/main.c:848:13:MX_SPI2_Init	8	static
../Core/Src/main.c:896:13:MX_TIM3_Init	40	static
../Core/Src/main.c:942:13:MX_USART3_UART_Init	8	static
../Core/Src/main.c:990:13:MX_USB_OTG_FS_PCD_Init	8	static
../Core/Src/main.c:1022:13:MX_FMC_Init	40	static
../Core/Src/main.c:1073:13:MX_GPIO_Init	72	static
../Core/Src/main.c:1248:6:Error_Handler	4	static,ignoring_inline_asm
