../Core/Src/main.c:169:5:main	16	static
../Core/Src/main.c:280:6:SystemClock_Config	120	static
../Core/Src/main.c:342:6:PeriphCommonClock_Config	200	static
../Core/Src/main.c:369:13:MX_ADC1_Init	48	static
../Core/Src/main.c:437:13:MX_ADC2_Init	40	static
../Core/Src/main.c:496:13:MX_ADC3_Init	40	static
../Core/Src/main.c:554:13:MX_ETH_Init	8	static
../Core/Src/main.c:603:13:MX_FDCAN1_Init	8	static
../Core/Src/main.c:656:13:MX_FDCAN2_Init	8	static
../Core/Src/main.c:709:13:MX_LTDC_Init	112	static
../Core/Src/main.c:791:13:MX_RTC_Init	32	static
../Core/Src/main.c:855:13:MX_SAI2_Init	8	static
../Core/Src/main.c:936:13:MX_SPI2_Init	8	static
../Core/Src/main.c:984:13:MX_TIM3_Init	40	static
../Core/Src/main.c:1030:13:MX_USART3_UART_Init	8	static
../Core/Src/main.c:1078:13:MX_USB_OTG_FS_PCD_Init	8	static
../Core/Src/main.c:1110:13:MX_FMC_Init	40	static
../Core/Src/main.c:1161:13:MX_GPIO_Init	72	static
../Core/Src/main.c:1331:6:HAL_UART_RxCpltCallback	16	static
../Core/Src/main.c:1339:6:printWelcomeText	16	static
../Core/Src/main.c:1350:6:printString	16	static
../Core/Src/main.c:1359:6:receiveValue	16	static
../Core/Src/main.c:1369:6:moveTextLCD	24	static
../Core/Src/main.c:1400:6:displayClock	32	static
../Core/Src/main.c:1434:6:Error_Handler	4	static,ignoring_inline_asm
