../Core/Src/main.c:172:5:main	16	static
../Core/Src/main.c:300:6:SystemClock_Config	120	static
../Core/Src/main.c:362:6:PeriphCommonClock_Config	200	static
../Core/Src/main.c:389:13:MX_ADC1_Init	48	static
../Core/Src/main.c:457:13:MX_ADC2_Init	40	static
../Core/Src/main.c:516:13:MX_ADC3_Init	40	static
../Core/Src/main.c:574:13:MX_ETH_Init	8	static
../Core/Src/main.c:623:13:MX_FDCAN1_Init	8	static
../Core/Src/main.c:676:13:MX_FDCAN2_Init	8	static
../Core/Src/main.c:729:13:MX_LTDC_Init	112	static
../Core/Src/main.c:811:13:MX_RTC_Init	32	static
../Core/Src/main.c:875:13:MX_SAI2_Init	8	static
../Core/Src/main.c:956:13:MX_SPI2_Init	8	static
../Core/Src/main.c:1004:13:MX_TIM3_Init	40	static
../Core/Src/main.c:1050:13:MX_USART3_UART_Init	8	static
../Core/Src/main.c:1098:13:MX_USB_OTG_FS_PCD_Init	8	static
../Core/Src/main.c:1130:13:MX_FMC_Init	40	static
../Core/Src/main.c:1181:13:MX_GPIO_Init	72	static
../Core/Src/main.c:1352:6:HAL_UART_RxCpltCallback	16	static
../Core/Src/main.c:1362:6:printWelcomeText	16	static
../Core/Src/main.c:1374:6:printString	16	static
../Core/Src/main.c:1384:6:receiveValue	16	static
../Core/Src/main.c:1394:6:typeToLCD	16	static
../Core/Src/main.c:1426:6:moveTextLCD	24	static
../Core/Src/main.c:1465:6:displayClock	32	static
../Core/Src/main.c:1501:6:Error_Handler	4	static,ignoring_inline_asm
