../Core/Src/main.c:171:5:main	16	static
../Core/Src/main.c:291:6:SystemClock_Config	120	static
../Core/Src/main.c:353:6:PeriphCommonClock_Config	200	static
../Core/Src/main.c:380:13:MX_ADC1_Init	48	static
../Core/Src/main.c:448:13:MX_ADC2_Init	40	static
../Core/Src/main.c:507:13:MX_ADC3_Init	40	static
../Core/Src/main.c:565:13:MX_ETH_Init	8	static
../Core/Src/main.c:614:13:MX_FDCAN1_Init	8	static
../Core/Src/main.c:667:13:MX_FDCAN2_Init	8	static
../Core/Src/main.c:720:13:MX_LTDC_Init	112	static
../Core/Src/main.c:802:13:MX_RTC_Init	32	static
../Core/Src/main.c:866:13:MX_SAI2_Init	8	static
../Core/Src/main.c:947:13:MX_SPI2_Init	8	static
../Core/Src/main.c:995:13:MX_TIM3_Init	40	static
../Core/Src/main.c:1041:13:MX_USART3_UART_Init	8	static
../Core/Src/main.c:1089:13:MX_USB_OTG_FS_PCD_Init	8	static
../Core/Src/main.c:1121:13:MX_FMC_Init	40	static
../Core/Src/main.c:1172:13:MX_GPIO_Init	72	static
../Core/Src/main.c:1342:6:HAL_UART_RxCpltCallback	16	static
../Core/Src/main.c:1351:6:printWelcomeText	16	static
../Core/Src/main.c:1362:6:printString	16	static
../Core/Src/main.c:1371:6:receiveValue	16	static
../Core/Src/main.c:1381:6:typeToLCD	16	static
../Core/Src/main.c:1411:6:moveTextLCD	24	static
../Core/Src/main.c:1442:6:displayClock	32	static
../Core/Src/main.c:1476:6:Error_Handler	4	static,ignoring_inline_asm
