../Core/Src/stm32h7xx_hal_msp.c:63:6:HAL_MspInit	16	static
../Core/Src/stm32h7xx_hal_msp.c:86:6:HAL_ADC_MspInit	72	static
../Core/Src/stm32h7xx_hal_msp.c:188:6:HAL_ADC_MspDeInit	16	static
../Core/Src/stm32h7xx_hal_msp.c:259:6:HAL_ETH_MspInit	80	static
../Core/Src/stm32h7xx_hal_msp.c:361:6:HAL_ETH_MspDeInit	16	static
../Core/Src/stm32h7xx_hal_msp.c:422:6:HAL_FDCAN_MspInit	248	static
../Core/Src/stm32h7xx_hal_msp.c:509:6:HAL_FDCAN_MspDeInit	16	static
../Core/Src/stm32h7xx_hal_msp.c:562:6:HAL_LTDC_MspInit	256	static
../Core/Src/stm32h7xx_hal_msp.c:671:6:HAL_LTDC_MspDeInit	16	static
../Core/Src/stm32h7xx_hal_msp.c:737:6:HAL_RTC_MspInit	208	static
../Core/Src/stm32h7xx_hal_msp.c:770:6:HAL_RTC_MspDeInit	16	static
../Core/Src/stm32h7xx_hal_msp.c:792:6:HAL_SPI_MspInit	248	static
../Core/Src/stm32h7xx_hal_msp.c:864:6:HAL_SPI_MspDeInit	16	static
../Core/Src/stm32h7xx_hal_msp.c:899:6:HAL_TIM_Base_MspInit	24	static
../Core/Src/stm32h7xx_hal_msp.c:921:6:HAL_TIM_Base_MspDeInit	16	static
../Core/Src/stm32h7xx_hal_msp.c:943:6:HAL_UART_MspInit	240	static
../Core/Src/stm32h7xx_hal_msp.c:990:6:HAL_UART_MspDeInit	16	static
../Core/Src/stm32h7xx_hal_msp.c:1019:6:HAL_PCD_MspInit	240	static
../Core/Src/stm32h7xx_hal_msp.c:1075:6:HAL_PCD_MspDeInit	16	static
../Core/Src/stm32h7xx_hal_msp.c:1101:13:HAL_FMC_MspInit	232	static
../Core/Src/stm32h7xx_hal_msp.c:1210:6:HAL_SDRAM_MspInit	16	static
../Core/Src/stm32h7xx_hal_msp.c:1222:13:HAL_FMC_MspDeInit	8	static
../Core/Src/stm32h7xx_hal_msp.c:1294:6:HAL_SDRAM_MspDeInit	16	static
../Core/Src/stm32h7xx_hal_msp.c:1306:6:HAL_SAI_MspInit	240	static
../Core/Src/stm32h7xx_hal_msp.c:1377:6:HAL_SAI_MspDeInit	16	static
